2026-04-05 20:54:19,847 [INFO] Display: 1536×864
2026-04-05 20:54:19,849 [INFO] EEG simulation thread started
2026-04-05 20:54:19,850 [INFO] EEG thread ready
2026-04-05 20:54:30,154 [INFO] Subject: purohith  Session: 2026-04-05
2026-04-05 20:54:30,157 [INFO] Dataset folder: EEG_Dataset\Subject_purohith\2026-04-05
2026-04-05 20:54:43,312 [INFO] Loaded 36 PNG frames for left hand
2026-04-05 20:55:08,323 [INFO] Loaded 36 PNG frames for right hand
2026-04-05 20:55:50,554 [INFO] Loaded 36 PNG frames for left hand
2026-04-05 21:03:43,200 [INFO] Display: 1536×864
2026-04-05 21:03:43,203 [INFO] EEG simulation thread started
2026-04-05 21:03:43,205 [INFO] EEG thread ready
2026-04-05 21:03:55,429 [INFO] Subject: Subject1  Session: 2026-04-05
2026-04-05 21:03:55,432 [INFO] Dataset folder: EEG_Dataset\Subject_Subject1\2026-04-05
2026-04-05 21:14:54,282 [INFO] === MI EEG System initializing ===
2026-04-05 21:14:55,711 [INFO] Display: 1536×864
2026-04-05 21:14:55,716 [INFO] EEG simulation thread started
2026-04-05 21:14:55,721 [INFO] EEG thread ready
2026-04-05 21:15:06,482 [INFO] Subject: Subject-1  Session: 2026-04-05
2026-04-05 21:15:06,485 [INFO] Dataset folder: EEG_Dataset\Subject_Subject-1\2026-04-05
2026-04-05 21:15:19,744 [INFO] Loaded 36 frames from assets\left_hand.gif
2026-04-05 21:15:44,708 [INFO] Loaded 36 frames from assets\right_hand.gif
2026-04-05 21:16:16,668 [INFO] Trial 1 saved: 12133 samples -> EEG_Dataset\Subject_Subject-1\2026-04-05\SSubject-1_T01.csv
2026-04-05 21:17:34,946 [INFO] === MI EEG System initializing ===
2026-04-05 21:17:36,447 [INFO] Display: 1536×864
2026-04-05 21:17:36,448 [INFO] EEG simulation thread started
2026-04-05 21:17:36,449 [INFO] EEG thread ready
2026-04-05 21:17:38,998 [INFO] Subject: 1  Session: 2026-04-05
2026-04-05 21:17:39,001 [INFO] Dataset folder: EEG_Dataset\Subject_1\2026-04-05
2026-04-05 21:17:57,271 [INFO] Loaded 36 frames from assets\left_hand.gif
2026-04-05 21:22:45,001 [INFO] === MI EEG System initializing ===
2026-04-05 21:22:46,619 [INFO] Display: 1536×864
2026-04-05 21:22:46,621 [INFO] EEG simulation thread started
2026-04-05 21:22:46,621 [INFO] EEG thread ready
2026-04-05 21:22:48,784 [INFO] Subject: 1  Session: 2026-04-05
2026-04-05 21:22:48,787 [INFO] Dataset folder: EEG_Dataset\Subject_1\2026-04-05
2026-04-05 21:23:07,018 [INFO] Loaded 36 frames from assets\left_hand.gif
2026-04-05 21:24:02,158 [INFO] === MI EEG System initializing ===
2026-04-05 21:24:03,419 [INFO] Display: 1536×864
2026-04-05 21:24:03,421 [INFO] EEG simulation thread started
2026-04-05 21:24:03,422 [INFO] EEG thread ready
2026-04-05 21:24:05,650 [INFO] Subject: 1  Session: 2026-04-05
2026-04-05 21:24:05,651 [INFO] Dataset folder: EEG_Dataset\Subject_1\2026-04-05
2026-04-05 21:24:23,892 [INFO] Loaded 36 frames from assets\left_hand.gif
2026-04-05 21:24:53,862 [INFO] Loaded 36 frames from assets\right_hand.gif
2026-04-05 21:26:24,395 [INFO] === MI EEG System initializing ===
2026-04-05 21:26:25,370 [INFO] Display: 1536×864
2026-04-05 21:26:25,372 [INFO] EEG simulation thread started
2026-04-05 21:26:25,374 [INFO] EEG thread ready
2026-04-05 21:26:26,960 [INFO] Subject: 1  Session: 2026-04-05
2026-04-05 21:26:26,961 [INFO] Dataset folder: EEG_Dataset\Subject_1\2026-04-05
2026-04-05 21:26:44,505 [INFO] === MI EEG System initializing ===
2026-04-05 21:26:45,078 [INFO] Display: 1536×864
2026-04-05 21:26:45,080 [INFO] EEG simulation thread started
2026-04-05 21:26:45,081 [INFO] EEG thread ready
2026-04-05 21:28:04,891 [INFO] === MI EEG System initializing ===
2026-04-05 21:28:05,608 [INFO] Display: 1536×864
2026-04-05 21:28:05,609 [INFO] EEG simulation thread started
2026-04-05 21:28:05,611 [INFO] EEG thread ready
2026-04-05 21:28:38,517 [INFO] Subject: 1  Session: 2026-04-05
2026-04-05 21:28:38,522 [INFO] Dataset folder: EEG_Dataset\Subject_1\2026-04-05
2026-04-05 21:28:57,339 [INFO] Loaded 36 frames from assets\left_hand.gif
2026-04-05 21:29:26,795 [INFO] Loaded 36 frames from assets\right_hand.gif
2026-04-05 21:30:01,761 [INFO] Trial 1 saved: 17520 samples -> EEG_Dataset\Subject_1\2026-04-05\S1_T01.csv
